Last login: Tue Mar 12 23:56:22 on ttys000
makiayaka@sugitatakukinoMacBook ~ % ls
Applications		Movies			git_tutorial
Desktop			Music			html-css-advanced-kadai
Documents		Pictures		javascript-basic-kadai
Downloads		Public
Library			Sites
makiayaka@sugitatakukinoMacBook ~ % cd Desktop
makiayaka@sugitatakukinoMacBook Desktop % cd javascript-basic-kadai
makiayaka@sugitatakukinoMacBook javascript-basic-kadai % git add .
makiayaka@sugitatakukinoMacBook javascript-basic-kadai % git commit -m "課題002 を提出"
On branch main
Your branch is up to date with 'origin/main'.

Changes not staged for commit:
  (use "git add <file>..." to update what will be committed)
  (use "git restore <file>..." to discard changes in working directory)
  (commit or discard the untracked or modified content in submodules)
	modified:   kadai-002 (modified content)

no changes added to commit (use "git add" and/or "git commit -a")
makiayaka@sugitatakukinoMacBook javascript-basic-kadai % git branch -u origin/feature/1
fatal: the requested upstream branch 'origin/feature/1' does not exist
hint: 
hint: If you are planning on basing your work on an upstream
hint: branch that already exists at the remote, you may need to
hint: run "git fetch" to retrieve it.
hint: 
hint: If you are planning to push out a new local branch that
hint: will track its remote counterpart, you may want to use
hint: "git push -u" to set the upstream config as you push.
hint: Disable this message with "git config advice.setUpstreamFailure false"
makiayaka@sugitatakukinoMacBook javascript-basic-kadai % git add .
makiayaka@sugitatakukinoMacBook javascript-basic-kadai % git commit -m "課題002 を提出"
On branch main
Your branch is up to date with 'origin/main'.

Changes not staged for commit:
  (use "git add <file>..." to update what will be committed)
  (use "git restore <file>..." to discard changes in working directory)
  (commit or discard the untracked or modified content in submodules)
	modified:   kadai-002 (modified content)

no changes added to commit (use "git add" and/or "git commit -a")
makiayaka@sugitatakukinoMacBook javascript-basic-kadai % git remote -v
origin	https://github.com/SA901105/javascript-basic-kadai.git (fetch)
origin	https://github.com/SA901105/javascript-basic-kadai.git (push)
makiayaka@sugitatakukinoMacBook javascript-basic-kadai % 
